// Jest Snapshot v1, https://goo.gl/fbAQLP

exports[`ForgotPassword should render correctly 1`] = `
<ConnectFunction
  store={
    Object {
      "clearActions": [Function],
      "dispatch": [Function],
      "getActions": [Function],
      "getState": [Function],
      "replaceReducer": [Function],
      "subscribe": [Function],
    }
  }
>
  <ForgotPassowrd
    auth={
      Object {
        "isLoading": true,
      }
    }
    authenticationRequestHandler={[Function]}
    store={
      Object {
        "clearActions": [Function],
        "dispatch": [Function],
        "getActions": [Function],
        "getState": [Function],
        "replaceReducer": [Function],
        "subscribe": [Function],
      }
    }
  >
    <Loader
      loader="show"
      text="Hi, am processing your input"
    >
      <div
        className="center load-overlay show"
      >
        <div>
          <div
            className="loader center"
            style={
              Object {
                "backgroundImage": "url([object Object])",
                "backgroundRepeat": "no-repeat",
                "backgroundSize": "contain",
                "borderRadius": 0,
              }
            }
          />
          <strong>
            Hi, am processing your input
            ...
          </strong>
        </div>
      </div>
    </Loader>
    <CallToAction
      withButton={false}
    >
      <section
        className="call-to-action"
      >
        <div
          className="placeholder"
        >
          <h2>
            Every Vote Count
          </h2>
          <h4>
            Vote and Be Voted for
          </h4>
        </div>
      </section>
    </CallToAction>
    <section
      className="wrapper"
    >
      <FormCard
        header="Sign in to Continue"
        onSubmit={[Function]}
      >
        <form
          className="form-fields"
          header="Sign in to Continue"
          onSubmit={[Function]}
        >
          <fieldset
            className="fieldset"
          >
            <legend>
              Sign in to Continue
            </legend>
            <FormInput
              id="email"
              name="email"
              placeholder="enter email address"
              title="Email"
            >
              <div
                className="field"
              >
                <span
                  className="error red-text"
                  htmlFor="email"
                />
                <input
                  id="email"
                  name="email"
                  placeholder="enter email address"
                  title="Email"
                />
                <label
                  htmlFor="email"
                >
                  Email
                  :
                </label>
              </div>
            </FormInput>
            <br />
            <div
              className="field"
            >
              <button
                className="button-bigger"
                type="submit"
              >
                Reset Password
              </button>
            </div>
          </fieldset>
        </form>
      </FormCard>
    </section>
  </ForgotPassowrd>
</ConnectFunction>
`;

exports[`ForgotPassword should simulate submit correctly 1`] = `
<button
  className="button-bigger"
  type="submit"
>
  Reset Password
</button>
`;
