// Jest Snapshot v1, https://goo.gl/fbAQLP

exports[`OfficeList should render correctly 1`] = `
<ContextProvider
  value={null}
>
  <OfficeList
    getOfficeRequestHandler={[Function]}
    offices={
      Array [
        Object {},
        Object {},
      ]
    }
    store={
      Object {
        "clearActions": [Function],
        "dispatch": [Function],
        "getActions": [Function],
        "getState": [Function],
        "replaceReducer": [Function],
        "subscribe": [Function],
      }
    }
  />
</ContextProvider>
`;
